You have chosen to generate 3-grams
You have chosen to generate 1-skip-3-grams
final_regressor = models/0001.model
creating cache_file = train-sets/0001.dat.cache
Reading from train-sets/0001.dat
num sources = 1
Num weight bits = 17
learning rate = 2.56e+06
initial_t = 128000
power_t = 1
decay_learning_rate = 1
learning_rate set to 2.56e+06
average    since       example  example    current  current  current
loss       last        counter   weight      label  predict features
1.000000   1.000000          3      3.0     0.0000   1.0000      326
0.666667   0.333333          6      6.0     1.0000   0.0000      170
0.502244   0.304936         11     11.0     0.0000   0.4740      212
0.567158   0.632072         22     22.0     1.0000   0.0000      512
0.513813   0.460469         44     44.0     0.0000   1.0000      380
0.402759   0.289122         87     87.0     1.0000   0.0000      350
0.366593   0.330427        174    174.0     1.0000   0.0000      140
0.234609   0.102625        348    348.0     1.0000   1.0000      152

finished run
number of examples = 400
weighted example sum = 400
weighted label sum = 182
average loss = 0.2116
best constant = 1.002
total feature number = 179384
