creating quadratic features for pairs: ff 
final_regressor = models/0002c.model
using no cache
Reading from train-sets/0002.dat
num sources = 1
Num weight bits = 18
learning rate = 10
initial_t = 1
power_t = 0
learning_rate set to 10
average    since       example  example    current  current  current
loss       last        counter   weight      label  predict features
0.134680   0.134680          3      3.0     0.5498   0.2361      184
0.092270   0.049860          6      6.0     0.2681   0.3301      184
0.056909   0.014476         11     11.0     0.4315   0.3670      184
0.055007   0.053106         22     22.0     0.5519   0.5810      184
0.030246   0.005484         44     44.0     0.5514   0.6247      184
0.022351   0.014273         87     87.0     0.5140   0.4978      184
0.015492   0.008632        174    174.0     0.5596   0.5369      184
0.010742   0.005992        348    348.0     0.5475   0.5198      184
0.006943   0.003144        696    696.0     0.3421   0.4124      184
0.004398   0.001853       1392   1392.0     0.4996   0.5300      184
0.002638   0.000877       2784   2784.0     0.5090   0.5345      184
0.001586   0.000535       5568   5568.0     0.6413   0.6245      184
0.001166   0.000745      11135  11135.0     0.3869   0.4439      184
0.000921   0.000677      22269  22269.0     0.5063   0.5029      184
0.000937   0.000953      44537  44537.0     0.4905   0.4607      184

finished run
number of examples = 74746
weighted example sum = 6.952e+04
weighted label sum = 3.511e+04
average loss = 0.0009579
best constant = 0.5051
best constant's loss = 0.25
total feature number = 13753264
