your learning rate is too high, setting it to 1
using no cache
Reading from train-sets/wiki1K.dat
num sources = 1
Num weight bits = 13
learning rate = 1
initial_t = 1
power_t = 0.5
learning_rate set to 1
average    since       example  example    current  current  current
loss       last        counter   weight      label  predict features
10.309804  10.309804         3      3.0    unknown   0.0000       37
10.403969  10.498134         6      6.0    unknown   0.0000       13
10.387904  10.368626        11     11.0    unknown   0.0000       31
10.568066  10.748227        22     22.0    unknown   0.0000        1
10.465239  10.362412        44     44.0    unknown   0.0000      165
10.458968  10.452551        87     87.0    unknown   0.0000       28
10.071791  9.684615        174    174.0    unknown   0.0000       16
9.542914   9.014037        348    348.0    unknown   0.0000        1
9.052254   8.561594        696    696.0    unknown   0.0000      142

finished run
number of examples = 1000
weighted example sum = 1000
weighted label sum = 0
average loss = 8.841
best constant = 1
total feature number = 86919
